// Jest Snapshot v1, https://goo.gl/fbAQLP

exports[`matches the previous snapshot of the ResetPassword Component 1`] = `
<div>
  <div
    id="register"
  >
    <h2>
      Please enter your email
    </h2>
    <input
      autoComplete="off"
      name="email"
      onChange={[Function]}
      placeholder="email"
      type="email"
    />
    <button
      onClick={[Function]}
    >
      Submit
    </button>
    <p
      id="ifYou"
    >
      If you don't have an account, please
       
      <a
        href="/"
        id="textDecoration"
        onClick={[Function]}
      >
        register
      </a>
       
      first.
    </p>
  </div>
</div>
`;
